
======================================================================
eng_restaurant
======================================================================
{
  "corpus": "eng_restaurant",
  "n_gold": 340,
  "RMSE_VA": 2.252,
  "PCC_V": 0.9241,
  "PCC_A": 0.4854,
  "gold_mean_V": 6.58,
  "gold_sd_V": 1.63,
  "gold_mean_A": 6.93,
  "gold_sd_A": 0.83,
  "seconds": 16.8,
  "model": "jev-1.13.0",
  "rubric": "0a2014ccee57"
}

======================================================================
eng_laptop
======================================================================
{
  "corpus": "eng_laptop",
  "n_gold": 275,
  "RMSE_VA": 2.6979,
  "PCC_V": 0.92,
  "PCC_A": 0.4711,
  "gold_mean_V": 6.7,
  "gold_sd_V": 1.67,
  "gold_mean_A": 7.04,
  "gold_sd_A": 0.86,
  "seconds": 16.4,
  "model": "jev-1.13.0",
  "rubric": "0a2014ccee57"
}

======================================================================
zho_restaurant
======================================================================
{
  "corpus": "zho_restaurant",
  "n_gold": 685,
  "RMSE_VA": 1.9738,
  "PCC_V": 0.8699,
  "PCC_A": 0.5488,
  "gold_mean_V": 6.05,
  "gold_sd_V": 1.08,
  "gold_mean_A": 5.78,
  "gold_sd_A": 0.66,
  "seconds": 24.3,
  "model": "jev-1.13.0",
  "rubric": "0a2014ccee57"
}

======================================================================
zho_laptop
======================================================================
{
  "corpus": "zho_laptop",
  "n_gold": 558,
  "RMSE_VA": 1.9984,
  "PCC_V": 0.8698,
  "PCC_A": 0.4782,
  "gold_mean_V": 5.75,
  "gold_sd_V": 1.17,
  "gold_mean_A": 5.66,
  "gold_sd_A": 0.68,
  "seconds": 24.5,
  "model": "jev-1.13.0",
  "rubric": "0a2014ccee57"
}

======================================================================
zho_finance
======================================================================
{
  "corpus": "zho_finance",
  "n_gold": 563,
  "RMSE_VA": 2.4753,
  "PCC_V": 0.8085,
  "PCC_A": 0.3132,
  "gold_mean_V": 5.55,
  "gold_sd_V": 0.69,
  "gold_mean_A": 5.32,
  "gold_sd_A": 0.4,
  "seconds": 17.3,
  "model": "jev-1.13.0",
  "rubric": "0a2014ccee57"
}

======================================================================
jpn_hotel
======================================================================
{
  "corpus": "jpn_hotel",
  "n_gold": 284,
  "RMSE_VA": 2.5132,
  "PCC_V": 0.9375,
  "PCC_A": 0.4837,
  "gold_mean_V": 6.11,
  "gold_sd_V": 1.62,
  "gold_mean_A": 6.42,
  "gold_sd_A": 0.82,
  "seconds": 16.5,
  "model": "jev-1.13.0",
  "rubric": "0a2014ccee57"
}

======================================================================
jpn_finance
======================================================================
{
  "corpus": "jpn_finance",
  "n_gold": 319,
  "RMSE_VA": 3.3416,
  "PCC_V": 0.8788,
  "PCC_A": 0.2732,
  "gold_mean_V": 5.19,
  "gold_sd_V": 1.42,
  "gold_mean_A": 5.55,
  "gold_sd_A": 0.57,
  "seconds": 16.5,
  "model": "jev-1.13.0",
  "rubric": "0a2014ccee57"
}

======================================================================
rus_restaurant
======================================================================
{
  "corpus": "rus_restaurant",
  "n_gold": 81,
  "RMSE_VA": 2.0265,
  "PCC_V": 0.9054,
  "PCC_A": 0.4953,
  "gold_mean_V": 6.56,
  "gold_sd_V": 1.65,
  "gold_mean_A": 6.23,
  "gold_sd_A": 1.03,
  "seconds": 4.8,
  "model": "jev-1.13.0",
  "rubric": "0a2014ccee57"
}

======================================================================
tat_restaurant
======================================================================
{
  "corpus": "tat_restaurant",
  "n_gold": 81,
  "RMSE_VA": 2.2054,
  "PCC_V": 0.8549,
  "PCC_A": 0.3258,
  "gold_mean_V": 6.56,
  "gold_sd_V": 1.65,
  "gold_mean_A": 6.23,
  "gold_sd_A": 1.03,
  "seconds": 4.9,
  "model": "jev-1.13.0",
  "rubric": "0a2014ccee57"
}

======================================================================
ukr_restaurant
======================================================================
{
  "corpus": "ukr_restaurant",
  "n_gold": 81,
  "RMSE_VA": 2.0315,
  "PCC_V": 0.9072,
  "PCC_A": 0.4924,
  "gold_mean_V": 6.56,
  "gold_sd_V": 1.65,
  "gold_mean_A": 6.23,
  "gold_sd_A": 1.03,
  "seconds": 4.9,
  "model": "jev-1.13.0",
  "rubric": "0a2014ccee57"
}


================================================================================================
corpus               n  RMSE_VA   PCC_V   PCC_A       goldV       goldA
------------------------------------------------------------------------------------------------
eng_restaurant     340   2.2520  0.9241  0.4854    6.58±1.63    6.93±0.83
eng_laptop         275   2.6979  0.9200  0.4711    6.70±1.67    7.04±0.86
zho_restaurant     685   1.9738  0.8699  0.5488    6.05±1.08    5.78±0.66
zho_laptop         558   1.9984  0.8698  0.4782    5.75±1.17    5.66±0.68
zho_finance        563   2.4753  0.8085  0.3132    5.55±0.69    5.32±0.40
jpn_hotel          284   2.5132  0.9375  0.4837    6.11±1.62    6.42±0.82
jpn_finance        319   3.3416  0.8788  0.2732    5.19±1.42    5.55±0.57
rus_restaurant      81   2.0265  0.9054  0.4953    6.56±1.65    6.23±1.03
tat_restaurant      81   2.2054  0.8549  0.3258    6.56±1.65    6.23±1.03
ukr_restaurant      81   2.0315  0.9072  0.4924    6.56±1.65    6.23±1.03
